convex/labels.ts(3,77): error TS2307: Cannot find module '@/schemas/labelsSchemas' or its corresponding type declarations.
convex/subTodos.ts(3,189): error TS2307: Cannot find module '@/schemas/subTodosSchemas' or its corresponding type declarations.
convex/todos.ts(3,144): error TS2307: Cannot find module '@/schemas/todosSchema' or its corresponding type declarations.
